\BOOKMARK [0][-]{chapter.1}{\376\377\0001\000\040\000D\000i\000r\000e\000k\000t\000o\000r\000i\000j\001\163\000\040\000h\000i\000e\000r\000a\000r\000c\000h\000i\000j\000a}{}% 1
\BOOKMARK [1][-]{section.1.1}{\376\377\0001\000.\0001\000\040\000D\000i\000r\000e\000k\000t\000o\000r\000i\000j\000o\000s}{chapter.1}% 2
\BOOKMARK [0][-]{chapter.2}{\376\377\0002\000\040\000H\000i\000e\000r\000a\000r\000c\000h\000i\000j\000o\000s\000\040\000I\000n\000d\000e\000k\000s\000a\000s}{}% 3
\BOOKMARK [1][-]{section.2.1}{\376\377\0002\000.\0001\000\040\000K\000l\000a\000s\000i\001\163\000\040\000h\000i\000e\000r\000a\000r\000c\000h\000i\000j\000a}{chapter.2}% 4
\BOOKMARK [0][-]{chapter.3}{\376\377\0003\000\040\000K\000l\000a\000s\001\027\000s\000\040\000I\000n\000d\000e\000k\000s\000a\000s}{}% 5
\BOOKMARK [1][-]{section.3.1}{\376\377\0003\000.\0001\000\040\000K\000l\000a\000s\001\027\000s}{chapter.3}% 6
\BOOKMARK [0][-]{chapter.4}{\376\377\0004\000\040\000F\000a\000i\000l\000o\000\040\000I\000n\000d\000e\000k\000s\000a\000s}{}% 7
\BOOKMARK [1][-]{section.4.1}{\376\377\0004\000.\0001\000\040\000F\000a\000i\000l\000a\000i}{chapter.4}% 8
\BOOKMARK [0][-]{chapter.5}{\376\377\0005\000\040\000D\000i\000r\000e\000k\000t\000o\000r\000i\000j\001\163\000\040\000d\000o\000k\000u\000m\000e\000n\000t\000a\000c\000i\000j\000a}{}% 9
\BOOKMARK [1][-]{section.5.1}{\376\377\0005\000.\0001\000\040\000s\000r\000c\000\040\000D\000i\000r\000e\000c\000t\000o\000r\000i\000j\000o\000s\000\040\000a\000p\000r\000a\001\141\000a\000s}{chapter.5}% 10
\BOOKMARK [0][-]{chapter.6}{\376\377\0006\000\040\000K\000l\000a\000s\001\027\000s\000\040\000D\000o\000k\000u\000m\000e\000n\000t\000a\000c\000i\000j\000a}{}% 11
\BOOKMARK [1][-]{section.6.1}{\376\377\0006\000.\0001\000\040\000P\000r\000o\000g\000r\000a\000m\000o\000s\000\137\000l\000a\000i\000k\000a\000i\000\040\000K\000l\000a\000s\001\027}{chapter.6}% 12
\BOOKMARK [2][-]{subsection.6.1.1}{\376\377\0006\000.\0001\000.\0001\000\040\000M\000e\000t\000o\000d\001\163\000\040\000D\000o\000k\000u\000m\000e\000n\000t\000a\000c\000i\000j\000a}{section.6.1}% 13
\BOOKMARK [3][-]{subsubsection.6.1.1.1}{\376\377\0006\000.\0001\000.\0001\000.\0001\000\040\000s\000p\000a\000u\000s\000d\000\137\000l\000a\000i\000k\000u\000s\000\050\000\051}{subsection.6.1.1}% 14
\BOOKMARK [2][-]{subsection.6.1.2}{\376\377\0006\000.\0001\000.\0002\000\040\000A\000t\000r\000i\000b\000u\000t\001\163\000\040\000D\000o\000k\000u\000m\000e\000n\000t\000a\000c\000i\000j\000a}{section.6.1}% 15
\BOOKMARK [3][-]{subsubsection.6.1.2.1}{\376\377\0006\000.\0001\000.\0002\000.\0001\000\040\000d\000u\000o\000m\000e\000n\000u\000\137\000n\000u\000s\000k\000a\000i\000t\000y\000m\000a\000s}{subsection.6.1.2}% 16
\BOOKMARK [3][-]{subsubsection.6.1.2.2}{\376\377\0006\000.\0001\000.\0002\000.\0002\000\040\000d\000u\000o\000m\000e\000n\000u\000\137\000r\000i\000k\000i\000a\000v\000i\000m\000a\000s}{subsection.6.1.2}% 17
\BOOKMARK [3][-]{subsubsection.6.1.2.3}{\376\377\0006\000.\0001\000.\0002\000.\0003\000\040\000s\000t\000u\000d\000e\000n\000t\000u\000\137\000s\000k\000i\000r\000s\000t\000y\000m\000a\000s}{subsection.6.1.2}% 18
\BOOKMARK [3][-]{subsubsection.6.1.2.4}{\376\377\0006\000.\0001\000.\0002\000.\0004\000\040\000v\000i\000s\000a\000\137\000t\000r\000u\000k\000m\000e\000\137\000s\000u\000\137\000i\000v\000e\000s\000t\000i\000m}{subsection.6.1.2}% 19
\BOOKMARK [1][-]{section.6.2}{\376\377\0006\000.\0002\000\040\000S\000t\000u\000d\000e\000n\000t\000a\000s\000\040\000K\000l\000a\000s\001\027}{chapter.6}% 20
\BOOKMARK [2][-]{subsection.6.2.1}{\376\377\0006\000.\0002\000.\0001\000\040\000K\000o\000n\000s\000t\000r\000u\000k\000t\000o\000r\000i\000a\000u\000s\000\040\000i\000r\000\040\000D\000e\000s\000t\000r\000u\000k\000t\000o\000r\000i\000a\000u\000s\000\040\000D\000o\000k\000u\000m\000e\000n\000t\000a\000c\000i\000j\000a}{section.6.2}% 21
\BOOKMARK [3][-]{subsubsection.6.2.1.1}{\376\377\0006\000.\0002\000.\0001\000.\0001\000\040\000S\000t\000u\000d\000e\000n\000t\000a\000s\000\050\000\051\000\040\000[\0001\000/\0004\000]}{subsection.6.2.1}% 22
\BOOKMARK [3][-]{subsubsection.6.2.1.2}{\376\377\0006\000.\0002\000.\0001\000.\0002\000\040\000S\000t\000u\000d\000e\000n\000t\000a\000s\000\050\000\051\000\040\000[\0002\000/\0004\000]}{subsection.6.2.1}% 23
\BOOKMARK [3][-]{subsubsection.6.2.1.3}{\376\377\0006\000.\0002\000.\0001\000.\0003\000\040\000S\000t\000u\000d\000e\000n\000t\000a\000s\000\050\000\051\000\040\000[\0003\000/\0004\000]}{subsection.6.2.1}% 24
\BOOKMARK [3][-]{subsubsection.6.2.1.4}{\376\377\0006\000.\0002\000.\0001\000.\0004\000\040\000S\000t\000u\000d\000e\000n\000t\000a\000s\000\050\000\051\000\040\000[\0004\000/\0004\000]}{subsection.6.2.1}% 25
\BOOKMARK [3][-]{subsubsection.6.2.1.5}{\376\377\0006\000.\0002\000.\0001\000.\0005\000\040\000~\000S\000t\000u\000d\000e\000n\000t\000a\000s\000\050\000\051}{subsection.6.2.1}% 26
\BOOKMARK [2][-]{subsection.6.2.2}{\376\377\0006\000.\0002\000.\0002\000\040\000M\000e\000t\000o\000d\001\163\000\040\000D\000o\000k\000u\000m\000e\000n\000t\000a\000c\000i\000j\000a}{section.6.2}% 27
\BOOKMARK [3][-]{subsubsection.6.2.2.1}{\376\377\0006\000.\0002\000.\0002\000.\0001\000\040\000a\000p\000s\000k\000\137\000m\000e\000d\000\050\000\051}{subsection.6.2.2}% 28
\BOOKMARK [3][-]{subsubsection.6.2.2.2}{\376\377\0006\000.\0002\000.\0002\000.\0002\000\040\000a\000p\000s\000k\000\137\000v\000i\000d\000\050\000\051}{subsection.6.2.2}% 29
\BOOKMARK [3][-]{subsubsection.6.2.2.3}{\376\377\0006\000.\0002\000.\0002\000.\0003\000\040\000C\000o\000n\000t\000a\000i\000n\000e\000r\000\050\000\051}{subsection.6.2.2}% 30
\BOOKMARK [3][-]{subsubsection.6.2.2.4}{\376\377\0006\000.\0002\000.\0002\000.\0004\000\040\000e\000g\000z\000o\000\137\000r\000e\000z\000a\000s\000\050\000\051}{subsection.6.2.2}% 31
\BOOKMARK [3][-]{subsubsection.6.2.2.5}{\376\377\0006\000.\0002\000.\0002\000.\0005\000\040\000g\000a\000l\000u\000t\000\050\000\051}{subsection.6.2.2}% 32
\BOOKMARK [3][-]{subsubsection.6.2.2.6}{\376\377\0006\000.\0002\000.\0002\000.\0006\000\040\000i\000v\000e\000s\000t\000\137\000e\000g\000z\000o\000\137\000r\000e\000z\000a\000\050\000\051}{subsection.6.2.2}% 33
\BOOKMARK [3][-]{subsubsection.6.2.2.7}{\376\377\0006\000.\0002\000.\0002\000.\0007\000\040\000i\000v\000e\000s\000t\000\137\000v\000a\000r\000d\000a\000\137\000p\000a\000v\000a\000r\000d\000e\000\050\000\051}{subsection.6.2.2}% 34
\BOOKMARK [3][-]{subsubsection.6.2.2.8}{\376\377\0006\000.\0002\000.\0002\000.\0008\000\040\000n\000u\000s\000t\000\137\000e\000g\000z\000o\000\137\000r\000e\000z\000a\000\050\000\051}{subsection.6.2.2}% 35
\BOOKMARK [3][-]{subsubsection.6.2.2.9}{\376\377\0006\000.\0002\000.\0002\000.\0009\000\040\000n\000u\000s\000t\000\137\000g\000a\000l\000u\000t\000i\000n\000i\000o\000\137\000t\000i\000p\000a\000\050\000\051}{subsection.6.2.2}% 36
\BOOKMARK [3][-]{subsubsection.6.2.2.10}{\376\377\0006\000.\0002\000.\0002\000.\0001\0000\000\040\000o\000p\000e\000r\000a\000t\000o\000r\000=\000\050\000\051\000\040\000[\0001\000/\0002\000]}{subsection.6.2.2}% 37
\BOOKMARK [3][-]{subsubsection.6.2.2.11}{\376\377\0006\000.\0002\000.\0002\000.\0001\0001\000\040\000o\000p\000e\000r\000a\000t\000o\000r\000=\000\050\000\051\000\040\000[\0002\000/\0002\000]}{subsection.6.2.2}% 38
\BOOKMARK [3][-]{subsubsection.6.2.2.12}{\376\377\0006\000.\0002\000.\0002\000.\0001\0002\000\040\000p\000a\000z\000y\000m\000i\000u\000\137\000s\000k\000\050\000\051}{subsection.6.2.2}% 39
\BOOKMARK [3][-]{subsubsection.6.2.2.13}{\376\377\0006\000.\0002\000.\0002\000.\0001\0003\000\040\000p\000r\000i\000d\000e\000t\000\137\000p\000a\000z\000y\000m\000i\000\050\000\051}{subsection.6.2.2}% 40
\BOOKMARK [3][-]{subsubsection.6.2.2.14}{\376\377\0006\000.\0002\000.\0002\000.\0001\0004\000\040\000r\000e\000z\000a\000s\000\137\000m\000e\000d\000\050\000\051}{subsection.6.2.2}% 41
\BOOKMARK [3][-]{subsubsection.6.2.2.15}{\376\377\0006\000.\0002\000.\0002\000.\0001\0005\000\040\000r\000e\000z\000a\000s\000\137\000v\000i\000d\000\050\000\051}{subsection.6.2.2}% 42
\BOOKMARK [3][-]{subsubsection.6.2.2.16}{\376\377\0006\000.\0002\000.\0002\000.\0001\0006\000\040\000u\000z\000p\000i\000l\000d\000y\000t\000\137\000p\000a\000z\000y\000m\000i\000u\000s\000\137\000i\000k\000i\000\137\000m\000i\000n\000\050\000\051}{subsection.6.2.2}% 43
\BOOKMARK [2][-]{subsection.6.2.3}{\376\377\0006\000.\0002\000.\0003\000\040\000D\000r\000a\000u\000g\000i\001\141\000k\001\163\000\040\000I\000r\000\040\000S\000u\000s\000i\000j\000u\000s\000i\001\163\000\040\000F\000u\000n\000k\000c\000i\000j\001\163\000\040\000D\000o\000k\000u\000m\000e\000n\000t\000a\000c\000i\000j\000a}{section.6.2}% 44
\BOOKMARK [3][-]{subsubsection.6.2.3.1}{\376\377\0006\000.\0002\000.\0003\000.\0001\000\040\000o\000p\000e\000r\000a\000t\000o\000r\000<\000<}{subsection.6.2.3}% 45
\BOOKMARK [3][-]{subsubsection.6.2.3.2}{\376\377\0006\000.\0002\000.\0003\000.\0002\000\040\000o\000p\000e\000r\000a\000t\000o\000r\000>\000>}{subsection.6.2.3}% 46
\BOOKMARK [1][-]{section.6.3}{\376\377\0006\000.\0003\000\040\000V\000e\000c\000t\000o\000r\000<\000\040\000T\000\040\000>\000\040\000K\000l\000a\000s\001\027\000\040\001\140\000a\000b\000l\000o\000n\000a\000s}{chapter.6}% 47
\BOOKMARK [2][-]{subsection.6.3.1}{\376\377\0006\000.\0003\000.\0001\000\040\000T\000i\000p\000o\000\040\000A\000p\000r\000a\001\141\000y\000m\000o\000\040\000D\000o\000k\000u\000m\000e\000n\000t\000a\000c\000i\000j\000a}{section.6.3}% 48
\BOOKMARK [3][-]{subsubsection.6.3.1.1}{\376\377\0006\000.\0003\000.\0001\000.\0001\000\040\000c\000o\000n\000s\000t\000\137\000i\000t\000e\000r\000a\000t\000o\000r}{subsection.6.3.1}% 49
\BOOKMARK [3][-]{subsubsection.6.3.1.2}{\376\377\0006\000.\0003\000.\0001\000.\0002\000\040\000c\000o\000n\000s\000t\000\137\000p\000o\000i\000n\000t\000e\000r}{subsection.6.3.1}% 50
\BOOKMARK [3][-]{subsubsection.6.3.1.3}{\376\377\0006\000.\0003\000.\0001\000.\0003\000\040\000c\000o\000n\000s\000t\000\137\000r\000e\000f\000e\000r\000e\000n\000c\000e}{subsection.6.3.1}% 51
\BOOKMARK [3][-]{subsubsection.6.3.1.4}{\376\377\0006\000.\0003\000.\0001\000.\0004\000\040\000c\000o\000n\000s\000t\000\137\000r\000e\000v\000e\000r\000s\000e\000\137\000i\000t\000e\000r\000a\000t\000o\000r}{subsection.6.3.1}% 52
\BOOKMARK [3][-]{subsubsection.6.3.1.5}{\376\377\0006\000.\0003\000.\0001\000.\0005\000\040\000d\000i\000f\000f\000e\000r\000e\000n\000c\000e\000\137\000t\000y\000p\000e}{subsection.6.3.1}% 53
\BOOKMARK [3][-]{subsubsection.6.3.1.6}{\376\377\0006\000.\0003\000.\0001\000.\0006\000\040\000i\000t\000e\000r\000a\000t\000o\000r}{subsection.6.3.1}% 54
\BOOKMARK [3][-]{subsubsection.6.3.1.7}{\376\377\0006\000.\0003\000.\0001\000.\0007\000\040\000p\000o\000i\000n\000t\000e\000r}{subsection.6.3.1}% 55
\BOOKMARK [3][-]{subsubsection.6.3.1.8}{\376\377\0006\000.\0003\000.\0001\000.\0008\000\040\000r\000e\000f\000e\000r\000e\000n\000c\000e}{subsection.6.3.1}% 56
\BOOKMARK [3][-]{subsubsection.6.3.1.9}{\376\377\0006\000.\0003\000.\0001\000.\0009\000\040\000r\000e\000v\000e\000r\000s\000e\000\137\000i\000t\000e\000r\000a\000t\000o\000r}{subsection.6.3.1}% 57
\BOOKMARK [3][-]{subsubsection.6.3.1.10}{\376\377\0006\000.\0003\000.\0001\000.\0001\0000\000\040\000s\000i\000z\000e\000\137\000t\000y\000p\000e}{subsection.6.3.1}% 58
\BOOKMARK [3][-]{subsubsection.6.3.1.11}{\376\377\0006\000.\0003\000.\0001\000.\0001\0001\000\040\000v\000a\000l\000u\000e\000\137\000t\000y\000p\000e}{subsection.6.3.1}% 59
\BOOKMARK [2][-]{subsection.6.3.2}{\376\377\0006\000.\0003\000.\0002\000\040\000K\000o\000n\000s\000t\000r\000u\000k\000t\000o\000r\000i\000a\000u\000s\000\040\000i\000r\000\040\000D\000e\000s\000t\000r\000u\000k\000t\000o\000r\000i\000a\000u\000s\000\040\000D\000o\000k\000u\000m\000e\000n\000t\000a\000c\000i\000j\000a}{section.6.3}% 60
\BOOKMARK [3][-]{subsubsection.6.3.2.1}{\376\377\0006\000.\0003\000.\0002\000.\0001\000\040\000V\000e\000c\000t\000o\000r\000\050\000\051\000\040\000[\0001\000/\0006\000]}{subsection.6.3.2}% 61
\BOOKMARK [3][-]{subsubsection.6.3.2.2}{\376\377\0006\000.\0003\000.\0002\000.\0002\000\040\000V\000e\000c\000t\000o\000r\000\050\000\051\000\040\000[\0002\000/\0006\000]}{subsection.6.3.2}% 62
\BOOKMARK [3][-]{subsubsection.6.3.2.3}{\376\377\0006\000.\0003\000.\0002\000.\0003\000\040\000V\000e\000c\000t\000o\000r\000\050\000\051\000\040\000[\0003\000/\0006\000]}{subsection.6.3.2}% 63
\BOOKMARK [3][-]{subsubsection.6.3.2.4}{\376\377\0006\000.\0003\000.\0002\000.\0004\000\040\000V\000e\000c\000t\000o\000r\000\050\000\051\000\040\000[\0004\000/\0006\000]}{subsection.6.3.2}% 64
\BOOKMARK [3][-]{subsubsection.6.3.2.5}{\376\377\0006\000.\0003\000.\0002\000.\0005\000\040\000V\000e\000c\000t\000o\000r\000\050\000\051\000\040\000[\0005\000/\0006\000]}{subsection.6.3.2}% 65
\BOOKMARK [3][-]{subsubsection.6.3.2.6}{\376\377\0006\000.\0003\000.\0002\000.\0006\000\040\000V\000e\000c\000t\000o\000r\000\050\000\051\000\040\000[\0006\000/\0006\000]}{subsection.6.3.2}% 66
\BOOKMARK [3][-]{subsubsection.6.3.2.7}{\376\377\0006\000.\0003\000.\0002\000.\0007\000\040\000~\000V\000e\000c\000t\000o\000r\000\050\000\051}{subsection.6.3.2}% 67
\BOOKMARK [2][-]{subsection.6.3.3}{\376\377\0006\000.\0003\000.\0003\000\040\000M\000e\000t\000o\000d\001\163\000\040\000D\000o\000k\000u\000m\000e\000n\000t\000a\000c\000i\000j\000a}{section.6.3}% 68
\BOOKMARK [3][-]{subsubsection.6.3.3.1}{\376\377\0006\000.\0003\000.\0003\000.\0001\000\040\000a\000t\000\050\000\051\000\040\000[\0001\000/\0002\000]}{subsection.6.3.3}% 69
\BOOKMARK [3][-]{subsubsection.6.3.3.2}{\376\377\0006\000.\0003\000.\0003\000.\0002\000\040\000a\000t\000\050\000\051\000\040\000[\0002\000/\0002\000]}{subsection.6.3.3}% 70
\BOOKMARK [3][-]{subsubsection.6.3.3.3}{\376\377\0006\000.\0003\000.\0003\000.\0003\000\040\000b\000a\000c\000k\000\050\000\051\000\040\000[\0001\000/\0002\000]}{subsection.6.3.3}% 71
\BOOKMARK [3][-]{subsubsection.6.3.3.4}{\376\377\0006\000.\0003\000.\0003\000.\0004\000\040\000b\000a\000c\000k\000\050\000\051\000\040\000[\0002\000/\0002\000]}{subsection.6.3.3}% 72
\BOOKMARK [3][-]{subsubsection.6.3.3.5}{\376\377\0006\000.\0003\000.\0003\000.\0005\000\040\000b\000e\000g\000i\000n\000\050\000\051\000\040\000[\0001\000/\0002\000]}{subsection.6.3.3}% 73
\BOOKMARK [3][-]{subsubsection.6.3.3.6}{\376\377\0006\000.\0003\000.\0003\000.\0006\000\040\000b\000e\000g\000i\000n\000\050\000\051\000\040\000[\0002\000/\0002\000]}{subsection.6.3.3}% 74
\BOOKMARK [3][-]{subsubsection.6.3.3.7}{\376\377\0006\000.\0003\000.\0003\000.\0007\000\040\000c\000a\000p\000a\000c\000i\000t\000y\000\050\000\051}{subsection.6.3.3}% 75
\BOOKMARK [3][-]{subsubsection.6.3.3.8}{\376\377\0006\000.\0003\000.\0003\000.\0008\000\040\000c\000b\000e\000g\000i\000n\000\050\000\051}{subsection.6.3.3}% 76
\BOOKMARK [3][-]{subsubsection.6.3.3.9}{\376\377\0006\000.\0003\000.\0003\000.\0009\000\040\000c\000e\000n\000d\000\050\000\051}{subsection.6.3.3}% 77
\BOOKMARK [3][-]{subsubsection.6.3.3.10}{\376\377\0006\000.\0003\000.\0003\000.\0001\0000\000\040\000c\000l\000e\000a\000r\000\050\000\051}{subsection.6.3.3}% 78
\BOOKMARK [3][-]{subsubsection.6.3.3.11}{\376\377\0006\000.\0003\000.\0003\000.\0001\0001\000\040\000c\000r\000b\000e\000g\000i\000n\000\050\000\051}{subsection.6.3.3}% 79
\BOOKMARK [3][-]{subsubsection.6.3.3.12}{\376\377\0006\000.\0003\000.\0003\000.\0001\0002\000\040\000c\000r\000e\000n\000d\000\050\000\051}{subsection.6.3.3}% 80
\BOOKMARK [3][-]{subsubsection.6.3.3.13}{\376\377\0006\000.\0003\000.\0003\000.\0001\0003\000\040\000d\000a\000t\000a\000\050\000\051}{subsection.6.3.3}% 81
\BOOKMARK [3][-]{subsubsection.6.3.3.14}{\376\377\0006\000.\0003\000.\0003\000.\0001\0004\000\040\000e\000m\000p\000t\000y\000\050\000\051}{subsection.6.3.3}% 82
\BOOKMARK [3][-]{subsubsection.6.3.3.15}{\376\377\0006\000.\0003\000.\0003\000.\0001\0005\000\040\000e\000n\000d\000\050\000\051\000\040\000[\0001\000/\0002\000]}{subsection.6.3.3}% 83
\BOOKMARK [3][-]{subsubsection.6.3.3.16}{\376\377\0006\000.\0003\000.\0003\000.\0001\0006\000\040\000e\000n\000d\000\050\000\051\000\040\000[\0002\000/\0002\000]}{subsection.6.3.3}% 84
\BOOKMARK [3][-]{subsubsection.6.3.3.17}{\376\377\0006\000.\0003\000.\0003\000.\0001\0007\000\040\000e\000r\000a\000s\000e\000\050\000\051\000\040\000[\0001\000/\0004\000]}{subsection.6.3.3}% 85
\BOOKMARK [3][-]{subsubsection.6.3.3.18}{\376\377\0006\000.\0003\000.\0003\000.\0001\0008\000\040\000e\000r\000a\000s\000e\000\050\000\051\000\040\000[\0002\000/\0004\000]}{subsection.6.3.3}% 86
\BOOKMARK [3][-]{subsubsection.6.3.3.19}{\376\377\0006\000.\0003\000.\0003\000.\0001\0009\000\040\000e\000r\000a\000s\000e\000\050\000\051\000\040\000[\0003\000/\0004\000]}{subsection.6.3.3}% 87
\BOOKMARK [3][-]{subsubsection.6.3.3.20}{\376\377\0006\000.\0003\000.\0003\000.\0002\0000\000\040\000e\000r\000a\000s\000e\000\050\000\051\000\040\000[\0004\000/\0004\000]}{subsection.6.3.3}% 88
\BOOKMARK [3][-]{subsubsection.6.3.3.21}{\376\377\0006\000.\0003\000.\0003\000.\0002\0001\000\040\000f\000r\000o\000n\000t\000\050\000\051\000\040\000[\0001\000/\0002\000]}{subsection.6.3.3}% 89
\BOOKMARK [3][-]{subsubsection.6.3.3.22}{\376\377\0006\000.\0003\000.\0003\000.\0002\0002\000\040\000f\000r\000o\000n\000t\000\050\000\051\000\040\000[\0002\000/\0002\000]}{subsection.6.3.3}% 90
\BOOKMARK [3][-]{subsubsection.6.3.3.23}{\376\377\0006\000.\0003\000.\0003\000.\0002\0003\000\040\000i\000n\000s\000e\000r\000t\000\050\000\051\000\040\000[\0001\000/\0003\000]}{subsection.6.3.3}% 91
\BOOKMARK [3][-]{subsubsection.6.3.3.24}{\376\377\0006\000.\0003\000.\0003\000.\0002\0004\000\040\000i\000n\000s\000e\000r\000t\000\050\000\051\000\040\000[\0002\000/\0003\000]}{subsection.6.3.3}% 92
\BOOKMARK [3][-]{subsubsection.6.3.3.25}{\376\377\0006\000.\0003\000.\0003\000.\0002\0005\000\040\000i\000n\000s\000e\000r\000t\000\050\000\051\000\040\000[\0003\000/\0003\000]}{subsection.6.3.3}% 93
\BOOKMARK [3][-]{subsubsection.6.3.3.26}{\376\377\0006\000.\0003\000.\0003\000.\0002\0006\000\040\000o\000p\000e\000r\000a\000t\000o\000r\000=\000\050\000\051\000\040\000[\0001\000/\0002\000]}{subsection.6.3.3}% 94
\BOOKMARK [3][-]{subsubsection.6.3.3.27}{\376\377\0006\000.\0003\000.\0003\000.\0002\0007\000\040\000o\000p\000e\000r\000a\000t\000o\000r\000=\000\050\000\051\000\040\000[\0002\000/\0002\000]}{subsection.6.3.3}% 95
\BOOKMARK [3][-]{subsubsection.6.3.3.28}{\376\377\0006\000.\0003\000.\0003\000.\0002\0008\000\040\000o\000p\000e\000r\000a\000t\000o\000r\000[\000]\000\050\000\051\000\040\000[\0001\000/\0002\000]}{subsection.6.3.3}% 96
\BOOKMARK [3][-]{subsubsection.6.3.3.29}{\376\377\0006\000.\0003\000.\0003\000.\0002\0009\000\040\000o\000p\000e\000r\000a\000t\000o\000r\000[\000]\000\050\000\051\000\040\000[\0002\000/\0002\000]}{subsection.6.3.3}% 97
\BOOKMARK [3][-]{subsubsection.6.3.3.30}{\376\377\0006\000.\0003\000.\0003\000.\0003\0000\000\040\000p\000o\000p\000\137\000b\000a\000c\000k\000\050\000\051}{subsection.6.3.3}% 98
\BOOKMARK [3][-]{subsubsection.6.3.3.31}{\376\377\0006\000.\0003\000.\0003\000.\0003\0001\000\040\000p\000u\000s\000h\000\137\000b\000a\000c\000k\000\050\000\051\000\040\000[\0001\000/\0002\000]}{subsection.6.3.3}% 99
\BOOKMARK [3][-]{subsubsection.6.3.3.32}{\376\377\0006\000.\0003\000.\0003\000.\0003\0002\000\040\000p\000u\000s\000h\000\137\000b\000a\000c\000k\000\050\000\051\000\040\000[\0002\000/\0002\000]}{subsection.6.3.3}% 100
\BOOKMARK [3][-]{subsubsection.6.3.3.33}{\376\377\0006\000.\0003\000.\0003\000.\0003\0003\000\040\000r\000b\000e\000g\000i\000n\000\050\000\051\000\040\000[\0001\000/\0002\000]}{subsection.6.3.3}% 101
\BOOKMARK [3][-]{subsubsection.6.3.3.34}{\376\377\0006\000.\0003\000.\0003\000.\0003\0004\000\040\000r\000b\000e\000g\000i\000n\000\050\000\051\000\040\000[\0002\000/\0002\000]}{subsection.6.3.3}% 102
\BOOKMARK [3][-]{subsubsection.6.3.3.35}{\376\377\0006\000.\0003\000.\0003\000.\0003\0005\000\040\000r\000e\000n\000d\000\050\000\051\000\040\000[\0001\000/\0002\000]}{subsection.6.3.3}% 103
\BOOKMARK [3][-]{subsubsection.6.3.3.36}{\376\377\0006\000.\0003\000.\0003\000.\0003\0006\000\040\000r\000e\000n\000d\000\050\000\051\000\040\000[\0002\000/\0002\000]}{subsection.6.3.3}% 104
\BOOKMARK [3][-]{subsubsection.6.3.3.37}{\376\377\0006\000.\0003\000.\0003\000.\0003\0007\000\040\000r\000e\000s\000e\000r\000v\000e\000\050\000\051}{subsection.6.3.3}% 105
\BOOKMARK [3][-]{subsubsection.6.3.3.38}{\376\377\0006\000.\0003\000.\0003\000.\0003\0008\000\040\000r\000e\000s\000i\000z\000e\000\050\000\051\000\040\000[\0001\000/\0002\000]}{subsection.6.3.3}% 106
\BOOKMARK [3][-]{subsubsection.6.3.3.39}{\376\377\0006\000.\0003\000.\0003\000.\0003\0009\000\040\000r\000e\000s\000i\000z\000e\000\050\000\051\000\040\000[\0002\000/\0002\000]}{subsection.6.3.3}% 107
\BOOKMARK [3][-]{subsubsection.6.3.3.40}{\376\377\0006\000.\0003\000.\0003\000.\0004\0000\000\040\000s\000h\000r\000i\000n\000k\000\137\000t\000o\000\137\000f\000i\000t\000\050\000\051}{subsection.6.3.3}% 108
\BOOKMARK [3][-]{subsubsection.6.3.3.41}{\376\377\0006\000.\0003\000.\0003\000.\0004\0001\000\040\000s\000i\000z\000e\000\050\000\051}{subsection.6.3.3}% 109
\BOOKMARK [3][-]{subsubsection.6.3.3.42}{\376\377\0006\000.\0003\000.\0003\000.\0004\0002\000\040\000s\000w\000a\000p\000\050\000\051}{subsection.6.3.3}% 110
\BOOKMARK [1][-]{section.6.4}{\376\377\0006\000.\0004\000\040\000Z\000m\000o\000g\000u\000s\000\040\000K\000l\000a\000s\001\027}{chapter.6}% 111
\BOOKMARK [2][-]{subsection.6.4.1}{\376\377\0006\000.\0004\000.\0001\000\040\000K\000o\000n\000s\000t\000r\000u\000k\000t\000o\000r\000i\000a\000u\000s\000\040\000i\000r\000\040\000D\000e\000s\000t\000r\000u\000k\000t\000o\000r\000i\000a\000u\000s\000\040\000D\000o\000k\000u\000m\000e\000n\000t\000a\000c\000i\000j\000a}{section.6.4}% 112
\BOOKMARK [3][-]{subsubsection.6.4.1.1}{\376\377\0006\000.\0004\000.\0001\000.\0001\000\040\000Z\000m\000o\000g\000u\000s\000\050\000\051\000\040\000[\0001\000/\0004\000]}{subsection.6.4.1}% 113
\BOOKMARK [3][-]{subsubsection.6.4.1.2}{\376\377\0006\000.\0004\000.\0001\000.\0002\000\040\000Z\000m\000o\000g\000u\000s\000\050\000\051\000\040\000[\0002\000/\0004\000]}{subsection.6.4.1}% 114
\BOOKMARK [3][-]{subsubsection.6.4.1.3}{\376\377\0006\000.\0004\000.\0001\000.\0003\000\040\000Z\000m\000o\000g\000u\000s\000\050\000\051\000\040\000[\0003\000/\0004\000]}{subsection.6.4.1}% 115
\BOOKMARK [3][-]{subsubsection.6.4.1.4}{\376\377\0006\000.\0004\000.\0001\000.\0004\000\040\000Z\000m\000o\000g\000u\000s\000\050\000\051\000\040\000[\0004\000/\0004\000]}{subsection.6.4.1}% 116
\BOOKMARK [3][-]{subsubsection.6.4.1.5}{\376\377\0006\000.\0004\000.\0001\000.\0005\000\040\000~\000Z\000m\000o\000g\000u\000s\000\050\000\051}{subsection.6.4.1}% 117
\BOOKMARK [2][-]{subsection.6.4.2}{\376\377\0006\000.\0004\000.\0002\000\040\000M\000e\000t\000o\000d\001\163\000\040\000D\000o\000k\000u\000m\000e\000n\000t\000a\000c\000i\000j\000a}{section.6.4}% 118
\BOOKMARK [3][-]{subsubsection.6.4.2.1}{\376\377\0006\000.\0004\000.\0002\000.\0001\000\040\000i\000v\000e\000s\000t\000\137\000v\000a\000r\000d\000a\000\137\000p\000a\000v\000a\000r\000d\000e\000\050\000\051}{subsection.6.4.2}% 119
\BOOKMARK [3][-]{subsubsection.6.4.2.2}{\376\377\0006\000.\0004\000.\0002\000.\0002\000\040\000n\000u\000s\000t\000\137\000p\000a\000v\000a\000r\000d\000e\000\050\000\051}{subsection.6.4.2}% 120
\BOOKMARK [3][-]{subsubsection.6.4.2.3}{\376\377\0006\000.\0004\000.\0002\000.\0003\000\040\000n\000u\000s\000t\000\137\000v\000a\000r\000d\000a\000\050\000\051}{subsection.6.4.2}% 121
\BOOKMARK [3][-]{subsubsection.6.4.2.4}{\376\377\0006\000.\0004\000.\0002\000.\0004\000\040\000p\000a\000v\000a\000r\000d\000e\000\050\000\051}{subsection.6.4.2}% 122
\BOOKMARK [3][-]{subsubsection.6.4.2.5}{\376\377\0006\000.\0004\000.\0002\000.\0005\000\040\000v\000a\000r\000d\000a\000s\000\050\000\051}{subsection.6.4.2}% 123
\BOOKMARK [2][-]{subsection.6.4.3}{\376\377\0006\000.\0004\000.\0003\000\040\000A\000t\000r\000i\000b\000u\000t\001\163\000\040\000D\000o\000k\000u\000m\000e\000n\000t\000a\000c\000i\000j\000a}{section.6.4}% 124
\BOOKMARK [3][-]{subsubsection.6.4.3.1}{\376\377\0006\000.\0004\000.\0003\000.\0001\000\040\000p\000a\000v\000a\000r\000d\000e\000\137}{subsection.6.4.3}% 125
\BOOKMARK [3][-]{subsubsection.6.4.3.2}{\376\377\0006\000.\0004\000.\0003\000.\0002\000\040\000v\000a\000r\000d\000a\000s\000\137}{subsection.6.4.3}% 126
\BOOKMARK [0][-]{chapter.7}{\376\377\0007\000\040\000F\000a\000i\000l\000o\000\040\000D\000o\000k\000u\000m\000e\000n\000t\000a\000c\000i\000j\000a}{}% 127
\BOOKMARK [1][-]{section.7.1}{\376\377\0007\000.\0001\000\040\000s\000r\000c\000/\000i\000s\000v\000e\000s\000t\000i\000e\000s\000\137\000p\000a\000g\000a\000l\000b\000\137\000f\000j\000o\000s\000.\000c\000p\000p\000\040\000F\000a\000i\000l\000o\000\040\000N\000u\000o\000r\000o\000d\000a}{chapter.7}% 128
\BOOKMARK [2][-]{subsection.7.1.1}{\376\377\0007\000.\0001\000.\0001\000\040\000F\000u\000n\000k\000c\000i\000j\000o\000s\000\040\000D\000o\000k\000u\000m\000e\000n\000t\000a\000c\000i\000j\000a}{section.7.1}% 129
\BOOKMARK [3][-]{subsubsection.7.1.1.1}{\376\377\0007\000.\0001\000.\0001\000.\0001\000\040\000p\000a\000g\000a\000l\000\137\000m\000e\000d\000i\000a\000n\000a\000\137\000d\000i\000d\000\050\000\051}{subsection.7.1.1}% 130
\BOOKMARK [3][-]{subsubsection.7.1.1.2}{\376\377\0007\000.\0001\000.\0001\000.\0002\000\040\000p\000a\000g\000a\000l\000\137\000m\000e\000d\000i\000a\000n\000a\000\137\000m\000a\000z\000\050\000\051}{subsection.7.1.1}% 131
\BOOKMARK [3][-]{subsubsection.7.1.1.3}{\376\377\0007\000.\0001\000.\0001\000.\0003\000\040\000p\000a\000g\000a\000l\000\137\000p\000a\000v\000a\000r\000d\000e\000\137\000d\000i\000d\000\050\000\051}{subsection.7.1.1}% 132
\BOOKMARK [3][-]{subsubsection.7.1.1.4}{\376\377\0007\000.\0001\000.\0001\000.\0004\000\040\000p\000a\000g\000a\000l\000\137\000p\000a\000v\000a\000r\000d\000e\000\137\000m\000a\000z\000\050\000\051}{subsection.7.1.1}% 133
\BOOKMARK [3][-]{subsubsection.7.1.1.5}{\376\377\0007\000.\0001\000.\0001\000.\0005\000\040\000p\000a\000g\000a\000l\000\137\000v\000a\000r\000d\000a\000\137\000d\000i\000d\000\050\000\051}{subsection.7.1.1}% 134
\BOOKMARK [3][-]{subsubsection.7.1.1.6}{\376\377\0007\000.\0001\000.\0001\000.\0006\000\040\000p\000a\000g\000a\000l\000\137\000v\000a\000r\000d\000a\000\137\000m\000a\000z\000\050\000\051}{subsection.7.1.1}% 135
\BOOKMARK [3][-]{subsubsection.7.1.1.7}{\376\377\0007\000.\0001\000.\0001\000.\0007\000\040\000p\000a\000g\000a\000l\000\137\000v\000i\000d\000u\000r\000k\000i\000\137\000d\000i\000d\000\050\000\051}{subsection.7.1.1}% 136
\BOOKMARK [3][-]{subsubsection.7.1.1.8}{\376\377\0007\000.\0001\000.\0001\000.\0008\000\040\000p\000a\000g\000a\000l\000\137\000v\000i\000d\000u\000r\000k\000i\000\137\000m\000a\000z\000\050\000\051}{subsection.7.1.1}% 137
\BOOKMARK [3][-]{subsubsection.7.1.1.9}{\376\377\0007\000.\0001\000.\0001\000.\0009\000\040\000r\000a\000s\000\137\000f\000a\000i\000l\000o\000\137\000p\000a\000r\000u\000o\000s\000i\000m\000a\000s\000\050\000\051}{subsection.7.1.1}% 138
\BOOKMARK [1][-]{section.7.2}{\376\377\0007\000.\0002\000\040\000s\000r\000c\000/\000i\000s\000v\000e\000s\000t\000i\000e\000s\000\137\000p\000a\000g\000a\000l\000b\000\137\000f\000j\000o\000s\000.\000h\000\040\000F\000a\000i\000l\000o\000\040\000N\000u\000o\000r\000o\000d\000a}{chapter.7}% 139
\BOOKMARK [2][-]{subsection.7.2.1}{\376\377\0007\000.\0002\000.\0001\000\040\000F\000u\000n\000k\000c\000i\000j\000o\000s\000\040\000D\000o\000k\000u\000m\000e\000n\000t\000a\000c\000i\000j\000a}{section.7.2}% 140
\BOOKMARK [3][-]{subsubsection.7.2.1.1}{\376\377\0007\000.\0002\000.\0001\000.\0001\000\040\000p\000a\000g\000a\000l\000\137\000m\000e\000d\000i\000a\000n\000a\000\137\000d\000i\000d\000\050\000\051}{subsection.7.2.1}% 141
\BOOKMARK [3][-]{subsubsection.7.2.1.2}{\376\377\0007\000.\0002\000.\0001\000.\0002\000\040\000p\000a\000g\000a\000l\000\137\000m\000e\000d\000i\000a\000n\000a\000\137\000m\000a\000z\000\050\000\051}{subsection.7.2.1}% 142
\BOOKMARK [3][-]{subsubsection.7.2.1.3}{\376\377\0007\000.\0002\000.\0001\000.\0003\000\040\000p\000a\000g\000a\000l\000\137\000p\000a\000v\000a\000r\000d\000e\000\137\000d\000i\000d\000\050\000\051}{subsection.7.2.1}% 143
\BOOKMARK [3][-]{subsubsection.7.2.1.4}{\376\377\0007\000.\0002\000.\0001\000.\0004\000\040\000p\000a\000g\000a\000l\000\137\000p\000a\000v\000a\000r\000d\000e\000\137\000m\000a\000z\000\050\000\051}{subsection.7.2.1}% 144
\BOOKMARK [3][-]{subsubsection.7.2.1.5}{\376\377\0007\000.\0002\000.\0001\000.\0005\000\040\000p\000a\000g\000a\000l\000\137\000v\000a\000r\000d\000a\000\137\000d\000i\000d\000\050\000\051}{subsection.7.2.1}% 145
\BOOKMARK [3][-]{subsubsection.7.2.1.6}{\376\377\0007\000.\0002\000.\0001\000.\0006\000\040\000p\000a\000g\000a\000l\000\137\000v\000a\000r\000d\000a\000\137\000m\000a\000z\000\050\000\051}{subsection.7.2.1}% 146
\BOOKMARK [3][-]{subsubsection.7.2.1.7}{\376\377\0007\000.\0002\000.\0001\000.\0007\000\040\000p\000a\000g\000a\000l\000\137\000v\000i\000d\000u\000r\000k\000i\000\137\000d\000i\000d\000\050\000\051}{subsection.7.2.1}% 147
\BOOKMARK [3][-]{subsubsection.7.2.1.8}{\376\377\0007\000.\0002\000.\0001\000.\0008\000\040\000p\000a\000g\000a\000l\000\137\000v\000i\000d\000u\000r\000k\000i\000\137\000m\000a\000z\000\050\000\051}{subsection.7.2.1}% 148
\BOOKMARK [3][-]{subsubsection.7.2.1.9}{\376\377\0007\000.\0002\000.\0001\000.\0009\000\040\000r\000a\000s\000\137\000f\000a\000i\000l\000o\000\137\000p\000a\000r\000u\000o\000s\000i\000m\000a\000s\000\050\000\051}{subsection.7.2.1}% 149
\BOOKMARK [3][-]{subsubsection.7.2.1.10}{\376\377\0007\000.\0002\000.\0001\000.\0001\0000\000\040\000r\000i\000k\000i\000a\000v\000i\000m\000a\000s\000\050\000\051}{subsection.7.2.1}% 150
\BOOKMARK [3][-]{subsubsection.7.2.1.11}{\376\377\0007\000.\0002\000.\0001\000.\0001\0001\000\040\000s\000t\000u\000d\000\137\000r\000i\000k\000i\000a\000v\000i\000m\000a\000s\000\050\000\051}{subsection.7.2.1}% 151
\BOOKMARK [1][-]{section.7.3}{\376\377\0007\000.\0003\000\040\000i\000s\000v\000e\000s\000t\000i\000e\000s\000\137\000p\000a\000g\000a\000l\000b\000\137\000f\000j\000o\000s\000.\000h}{chapter.7}% 152
\BOOKMARK [1][-]{section.7.4}{\376\377\0007\000.\0004\000\040\000s\000r\000c\000/\000i\000s\000v\000e\000s\000t\000i\000s\000.\000c\000p\000p\000\040\000F\000a\000i\000l\000o\000\040\000N\000u\000o\000r\000o\000d\000a}{chapter.7}% 153
\BOOKMARK [2][-]{subsection.7.4.1}{\376\377\0007\000.\0004\000.\0001\000\040\000F\000u\000n\000k\000c\000i\000j\000o\000s\000\040\000D\000o\000k\000u\000m\000e\000n\000t\000a\000c\000i\000j\000a}{section.7.4}% 154
\BOOKMARK [3][-]{subsubsection.7.4.1.1}{\376\377\0007\000.\0004\000.\0001\000.\0001\000\040\000i\000s\000v\000e\000s\000t\000i\000s\000\050\000\051}{subsection.7.4.1}% 155
\BOOKMARK [3][-]{subsubsection.7.4.1.2}{\376\377\0007\000.\0004\000.\0001\000.\0002\000\040\000s\000k\000i\000r\000s\000t\000o\000m\000a\000\137\000i\000s\000v\000e\000s\000t\000i\000s\000\050\000\051}{subsection.7.4.1}% 156
\BOOKMARK [3][-]{subsubsection.7.4.1.3}{\376\377\0007\000.\0004\000.\0001\000.\0003\000\040\000s\000p\000a\000u\000s\000d\000i\000n\000i\000m\000a\000s\000\050\000\051}{subsection.7.4.1}% 157
\BOOKMARK [3][-]{subsubsection.7.4.1.4}{\376\377\0007\000.\0004\000.\0001\000.\0004\000\040\000s\000t\000u\000d\000e\000n\000t\000u\000\137\000s\000k\000i\000r\000s\000t\000y\000m\000a\000s\000\050\000\051}{subsection.7.4.1}% 158
\BOOKMARK [3][-]{subsubsection.7.4.1.5}{\376\377\0007\000.\0004\000.\0001\000.\0005\000\040\000v\000i\000s\000u\000\137\000s\000t\000u\000d\000\137\000d\000u\000o\000m\000e\000n\000u\000\137\000g\000e\000n\000e\000r\000a\000v\000i\000m\000o\000\137\000i\000s\000v\000e\000s\000t\000i\000s\000\050\000\051}{subsection.7.4.1}% 159
\BOOKMARK [1][-]{section.7.5}{\376\377\0007\000.\0005\000\040\000s\000r\000c\000/\000i\000s\000v\000e\000s\000t\000i\000s\000.\000h\000\040\000F\000a\000i\000l\000o\000\040\000N\000u\000o\000r\000o\000d\000a}{chapter.7}% 160
\BOOKMARK [2][-]{subsection.7.5.1}{\376\377\0007\000.\0005\000.\0001\000\040\000F\000u\000n\000k\000c\000i\000j\000o\000s\000\040\000D\000o\000k\000u\000m\000e\000n\000t\000a\000c\000i\000j\000a}{section.7.5}% 161
\BOOKMARK [3][-]{subsubsection.7.5.1.1}{\376\377\0007\000.\0005\000.\0001\000.\0001\000\040\000i\000s\000v\000e\000s\000t\000i\000s\000\050\000\051}{subsection.7.5.1}% 162
\BOOKMARK [3][-]{subsubsection.7.5.1.2}{\376\377\0007\000.\0005\000.\0001\000.\0002\000\040\000s\000k\000i\000r\000s\000t\000o\000m\000a\000\137\000i\000s\000v\000e\000s\000t\000i\000s\000\050\000\051}{subsection.7.5.1}% 163
\BOOKMARK [3][-]{subsubsection.7.5.1.3}{\376\377\0007\000.\0005\000.\0001\000.\0003\000\040\000s\000p\000a\000u\000s\000d\000i\000n\000i\000m\000a\000s\000\050\000\051}{subsection.7.5.1}% 164
\BOOKMARK [3][-]{subsubsection.7.5.1.4}{\376\377\0007\000.\0005\000.\0001\000.\0004\000\040\000s\000t\000u\000d\000e\000n\000t\000u\000\137\000s\000k\000i\000r\000s\000t\000y\000m\000a\000s\000\050\000\051}{subsection.7.5.1}% 165
\BOOKMARK [3][-]{subsubsection.7.5.1.5}{\376\377\0007\000.\0005\000.\0001\000.\0005\000\040\000v\000i\000s\000u\000\137\000s\000t\000u\000d\000\137\000d\000u\000o\000m\000e\000n\000u\000\137\000g\000e\000n\000e\000r\000a\000v\000i\000m\000o\000\137\000i\000s\000v\000e\000s\000t\000i\000s\000\050\000\051}{subsection.7.5.1}% 166
\BOOKMARK [1][-]{section.7.6}{\376\377\0007\000.\0006\000\040\000i\000s\000v\000e\000s\000t\000i\000s\000.\000h}{chapter.7}% 167
\BOOKMARK [1][-]{section.7.7}{\376\377\0007\000.\0007\000\040\000s\000r\000c\000/\000i\000v\000e\000s\000t\000i\000e\000s\000\137\000p\000a\000g\000a\000l\000b\000\137\000f\000j\000o\000s\000.\000c\000p\000p\000\040\000F\000a\000i\000l\000o\000\040\000N\000u\000o\000r\000o\000d\000a}{chapter.7}% 168
\BOOKMARK [2][-]{subsection.7.7.1}{\376\377\0007\000.\0007\000.\0001\000\040\000F\000u\000n\000k\000c\000i\000j\000o\000s\000\040\000D\000o\000k\000u\000m\000e\000n\000t\000a\000c\000i\000j\000a}{section.7.7}% 169
\BOOKMARK [3][-]{subsubsection.7.7.1.1}{\376\377\0007\000.\0007\000.\0001\000.\0001\000\040\000a\000r\000\137\000s\000k\000\137\000n\000e\000\137\000t\000a\000r\000p\000\137\0000\000\137\000i\000r\000\137\0001\0000\000\050\000\051}{subsection.7.7.1}% 170
\BOOKMARK [3][-]{subsubsection.7.7.1.2}{\376\377\0007\000.\0007\000.\0001\000.\0002\000\040\000a\000r\000\137\000s\000k\000\137\000n\000e\000d\000i\000d\000e\000s\000n\000i\000s\000\137\000u\000z\000\137\0000\000\050\000\051}{subsection.7.7.1}% 171
\BOOKMARK [3][-]{subsubsection.7.7.1.3}{\376\377\0007\000.\0007\000.\0001\000.\0003\000\040\000a\000r\000\137\000s\000k\000\137\000n\000e\000d\000i\000d\000e\000s\000n\000i\000s\000\137\000u\000z\000\137\0000\000\137\000a\000r\000b\000a\000\137\000d\000i\000d\000e\000s\000n\000i\000s\000\137\000u\000z\000\137\0001\0000\000m\000i\000l\000\050\000\051}{subsection.7.7.1}% 172
\BOOKMARK [3][-]{subsubsection.7.7.1.4}{\376\377\0007\000.\0007\000.\0001\000.\0004\000\040\000a\000r\000\137\000s\000k\000\137\000n\000e\000r\000a\000\137\0001\000\137\0002\000\137\0003\000\137\0004\000\137\0005\000\137\0006\000\050\000\051}{subsection.7.7.1}% 173
\BOOKMARK [3][-]{subsubsection.7.7.1.5}{\376\377\0007\000.\0007\000.\0001\000.\0005\000\040\000n\000a\000t\000u\000r\000\137\000s\000k\000a\000i\000c\000i\000a\000u\000s\000\137\000i\000v\000e\000s\000t\000i\000s\000\050\000\051}{subsection.7.7.1}% 174
\BOOKMARK [3][-]{subsubsection.7.7.1.6}{\376\377\0007\000.\0007\000.\0001\000.\0006\000\040\000s\000k\000a\000i\000t\000\137\000f\000a\000i\000l\000o\000\137\000p\000a\000r\000u\000o\000s\000i\000m\000a\000s\000\050\000\051}{subsection.7.7.1}% 175
\BOOKMARK [3][-]{subsubsection.7.7.1.7}{\376\377\0007\000.\0007\000.\0001\000.\0007\000\040\000v\000a\000r\000d\000o\000\137\000p\000a\000v\000a\000r\000d\000e\000s\000\137\000i\000v\000e\000s\000t\000i\000s\000\050\000\051}{subsection.7.7.1}% 176
\BOOKMARK [1][-]{section.7.8}{\376\377\0007\000.\0008\000\040\000s\000r\000c\000/\000i\000v\000e\000s\000t\000i\000e\000s\000\137\000p\000a\000g\000a\000l\000b\000\137\000f\000j\000o\000s\000.\000h\000\040\000F\000a\000i\000l\000o\000\040\000N\000u\000o\000r\000o\000d\000a}{chapter.7}% 177
\BOOKMARK [2][-]{subsection.7.8.1}{\376\377\0007\000.\0008\000.\0001\000\040\000F\000u\000n\000k\000c\000i\000j\000o\000s\000\040\000D\000o\000k\000u\000m\000e\000n\000t\000a\000c\000i\000j\000a}{section.7.8}% 178
\BOOKMARK [3][-]{subsubsection.7.8.1.1}{\376\377\0007\000.\0008\000.\0001\000.\0001\000\040\000a\000r\000\137\000s\000k\000\137\000n\000e\000\137\000t\000a\000r\000p\000\137\0000\000\137\000i\000r\000\137\0001\0000\000\050\000\051}{subsection.7.8.1}% 179
\BOOKMARK [3][-]{subsubsection.7.8.1.2}{\376\377\0007\000.\0008\000.\0001\000.\0002\000\040\000a\000r\000\137\000s\000k\000\137\000n\000e\000d\000i\000d\000e\000s\000n\000i\000s\000\137\000u\000z\000\137\0000\000\050\000\051}{subsection.7.8.1}% 180
\BOOKMARK [3][-]{subsubsection.7.8.1.3}{\376\377\0007\000.\0008\000.\0001\000.\0003\000\040\000a\000r\000\137\000s\000k\000\137\000n\000e\000d\000i\000d\000e\000s\000n\000i\000s\000\137\000u\000z\000\137\0000\000\137\000a\000r\000b\000a\000\137\000d\000i\000d\000e\000s\000n\000i\000s\000\137\000u\000z\000\137\0001\0000\000m\000i\000l\000\050\000\051}{subsection.7.8.1}% 181
\BOOKMARK [3][-]{subsubsection.7.8.1.4}{\376\377\0007\000.\0008\000.\0001\000.\0004\000\040\000a\000r\000\137\000s\000k\000\137\000n\000e\000r\000a\000\137\0001\000\137\0002\000\137\0003\000\137\0004\000\137\0005\000\137\0006\000\050\000\051}{subsection.7.8.1}% 182
\BOOKMARK [3][-]{subsubsection.7.8.1.5}{\376\377\0007\000.\0008\000.\0001\000.\0005\000\040\000n\000a\000t\000u\000r\000\137\000s\000k\000a\000i\000c\000i\000a\000u\000s\000\137\000i\000v\000e\000s\000t\000i\000s\000\050\000\051}{subsection.7.8.1}% 183
\BOOKMARK [3][-]{subsubsection.7.8.1.6}{\376\377\0007\000.\0008\000.\0001\000.\0006\000\040\000s\000k\000a\000i\000t\000\137\000f\000a\000i\000l\000o\000\137\000p\000a\000r\000u\000o\000s\000i\000m\000a\000s\000\050\000\051}{subsection.7.8.1}% 184
\BOOKMARK [3][-]{subsubsection.7.8.1.7}{\376\377\0007\000.\0008\000.\0001\000.\0007\000\040\000v\000a\000r\000d\000o\000\137\000p\000a\000v\000a\000r\000d\000e\000s\000\137\000i\000v\000e\000s\000t\000i\000s\000\050\000\051}{subsection.7.8.1}% 185
\BOOKMARK [1][-]{section.7.9}{\376\377\0007\000.\0009\000\040\000i\000v\000e\000s\000t\000i\000e\000s\000\137\000p\000a\000g\000a\000l\000b\000\137\000f\000j\000o\000s\000.\000h}{chapter.7}% 186
\BOOKMARK [1][-]{section.7.10}{\376\377\0007\000.\0001\0000\000\040\000s\000r\000c\000/\000i\000v\000e\000s\000t\000i\000s\000.\000c\000p\000p\000\040\000F\000a\000i\000l\000o\000\040\000N\000u\000o\000r\000o\000d\000a}{chapter.7}% 187
\BOOKMARK [2][-]{subsection.7.10.1}{\376\377\0007\000.\0001\0000\000.\0001\000\040\000F\000u\000n\000k\000c\000i\000j\000o\000s\000\040\000D\000o\000k\000u\000m\000e\000n\000t\000a\000c\000i\000j\000a}{section.7.10}% 188
\BOOKMARK [3][-]{subsubsection.7.10.1.1}{\376\377\0007\000.\0001\0000\000.\0001\000.\0001\000\040\000f\000a\000i\000l\000o\000\137\000i\000v\000e\000s\000t\000i\000s\000\050\000\051}{subsection.7.10.1}% 189
\BOOKMARK [3][-]{subsubsection.7.10.1.2}{\376\377\0007\000.\0001\0000\000.\0001\000.\0002\000\040\000g\000e\000n\000e\000r\000u\000o\000t\000a\000\137\000i\000v\000e\000s\000t\000i\000s\000\050\000\051}{subsection.7.10.1}% 190
\BOOKMARK [3][-]{subsubsection.7.10.1.3}{\376\377\0007\000.\0001\0000\000.\0001\000.\0003\000\040\000m\000i\000s\000r\000i\000\137\000i\000v\000e\000s\000t\000i\000s\000\050\000\051}{subsection.7.10.1}% 191
\BOOKMARK [3][-]{subsubsection.7.10.1.4}{\376\377\0007\000.\0001\0000\000.\0001\000.\0004\000\040\000r\000a\000n\000k\000\137\000i\000v\000e\000s\000t\000i\000s\000\050\000\051}{subsection.7.10.1}% 192
\BOOKMARK [3][-]{subsubsection.7.10.1.5}{\376\377\0007\000.\0001\0000\000.\0001\000.\0005\000\040\000v\000i\000s\000u\000\137\000s\000t\000u\000d\000\137\000d\000u\000o\000m\000e\000n\000u\000\137\000g\000e\000n\000e\000r\000a\000v\000i\000m\000o\000\137\000i\000v\000e\000s\000t\000i\000s\000\050\000\051}{subsection.7.10.1}% 193
\BOOKMARK [1][-]{section.7.11}{\376\377\0007\000.\0001\0001\000\040\000s\000r\000c\000/\000i\000v\000e\000s\000t\000i\000s\000.\000h\000\040\000F\000a\000i\000l\000o\000\040\000N\000u\000o\000r\000o\000d\000a}{chapter.7}% 194
\BOOKMARK [2][-]{subsection.7.11.1}{\376\377\0007\000.\0001\0001\000.\0001\000\040\000F\000u\000n\000k\000c\000i\000j\000o\000s\000\040\000D\000o\000k\000u\000m\000e\000n\000t\000a\000c\000i\000j\000a}{section.7.11}% 195
\BOOKMARK [3][-]{subsubsection.7.11.1.1}{\376\377\0007\000.\0001\0001\000.\0001\000.\0001\000\040\000f\000a\000i\000l\000o\000\137\000i\000v\000e\000s\000t\000i\000s\000\050\000\051}{subsection.7.11.1}% 196
\BOOKMARK [3][-]{subsubsection.7.11.1.2}{\376\377\0007\000.\0001\0001\000.\0001\000.\0002\000\040\000g\000e\000n\000e\000r\000u\000o\000t\000a\000\137\000i\000v\000e\000s\000t\000i\000s\000\050\000\051}{subsection.7.11.1}% 197
\BOOKMARK [3][-]{subsubsection.7.11.1.3}{\376\377\0007\000.\0001\0001\000.\0001\000.\0003\000\040\000m\000i\000s\000r\000i\000\137\000i\000v\000e\000s\000t\000i\000s\000\050\000\051}{subsection.7.11.1}% 198
\BOOKMARK [3][-]{subsubsection.7.11.1.4}{\376\377\0007\000.\0001\0001\000.\0001\000.\0004\000\040\000r\000a\000n\000k\000\137\000i\000v\000e\000s\000t\000i\000s\000\050\000\051}{subsection.7.11.1}% 199
\BOOKMARK [3][-]{subsubsection.7.11.1.5}{\376\377\0007\000.\0001\0001\000.\0001\000.\0005\000\040\000v\000i\000s\000u\000\137\000s\000t\000u\000d\000\137\000d\000u\000o\000m\000e\000n\000u\000\137\000g\000e\000n\000e\000r\000a\000v\000i\000m\000o\000\137\000i\000v\000e\000s\000t\000i\000s\000\050\000\051}{subsection.7.11.1}% 200
\BOOKMARK [1][-]{section.7.12}{\376\377\0007\000.\0001\0002\000\040\000i\000v\000e\000s\000t\000i\000s\000.\000h}{chapter.7}% 201
\BOOKMARK [1][-]{section.7.13}{\376\377\0007\000.\0001\0003\000\040\000s\000r\000c\000/\000k\000l\000a\000i\000d\000u\000\137\000v\000a\000l\000d\000y\000m\000a\000s\000.\000c\000p\000p\000\040\000F\000a\000i\000l\000o\000\040\000N\000u\000o\000r\000o\000d\000a}{chapter.7}% 202
\BOOKMARK [2][-]{subsection.7.13.1}{\376\377\0007\000.\0001\0003\000.\0001\000\040\000F\000u\000n\000k\000c\000i\000j\000o\000s\000\040\000D\000o\000k\000u\000m\000e\000n\000t\000a\000c\000i\000j\000a}{section.7.13}% 203
\BOOKMARK [3][-]{subsubsection.7.13.1.1}{\376\377\0007\000.\0001\0003\000.\0001\000.\0001\000\040\000i\000v\000e\000s\000t\000i\000e\000s\000\137\000k\000l\000a\000i\000d\000o\000s\000\137\000v\000a\000l\000d\000y\000m\000a\000s\000\050\000\051}{subsection.7.13.1}% 204
\BOOKMARK [1][-]{section.7.14}{\376\377\0007\000.\0001\0004\000\040\000s\000r\000c\000/\000k\000l\000a\000i\000d\000u\000\137\000v\000a\000l\000d\000y\000m\000a\000s\000.\000h\000\040\000F\000a\000i\000l\000o\000\040\000N\000u\000o\000r\000o\000d\000a}{chapter.7}% 205
\BOOKMARK [2][-]{subsection.7.14.1}{\376\377\0007\000.\0001\0004\000.\0001\000\040\000F\000u\000n\000k\000c\000i\000j\000o\000s\000\040\000D\000o\000k\000u\000m\000e\000n\000t\000a\000c\000i\000j\000a}{section.7.14}% 206
\BOOKMARK [3][-]{subsubsection.7.14.1.1}{\376\377\0007\000.\0001\0004\000.\0001\000.\0001\000\040\000i\000v\000e\000s\000t\000i\000e\000s\000\137\000k\000l\000a\000i\000d\000o\000s\000\137\000v\000a\000l\000d\000y\000m\000a\000s\000\050\000\051}{subsection.7.14.1}% 207
\BOOKMARK [1][-]{section.7.15}{\376\377\0007\000.\0001\0005\000\040\000k\000l\000a\000i\000d\000u\000\137\000v\000a\000l\000d\000y\000m\000a\000s\000.\000h}{chapter.7}% 208
\BOOKMARK [1][-]{section.7.16}{\376\377\0007\000.\0001\0006\000\040\000s\000r\000c\000/\000k\000o\000n\000s\000t\000a\000n\000t\000o\000s\000\137\000k\000t\000\137\000k\000l\000a\000s\000e\000s\000.\000h\000\040\000F\000a\000i\000l\000o\000\040\000N\000u\000o\000r\000o\000d\000a}{chapter.7}% 209
\BOOKMARK [2][-]{subsection.7.16.1}{\376\377\0007\000.\0001\0006\000.\0001\000\040\000A\000p\000i\000b\000r\001\027\001\176\000i\000m\001\163\000\040\000D\000o\000k\000u\000m\000e\000n\000t\000a\000c\000i\000j\000a}{section.7.16}% 210
\BOOKMARK [3][-]{subsubsection.7.16.1.1}{\376\377\0007\000.\0001\0006\000.\0001\000.\0001\000\040\000C\000o\000n\000t\000a\000i\000n\000e\000r}{subsection.7.16.1}% 211
\BOOKMARK [2][-]{subsection.7.16.2}{\376\377\0007\000.\0001\0006\000.\0002\000\040\000K\000i\000n\000t\000a\000m\000o\000j\000o\000\040\000D\000o\000k\000u\000m\000e\000n\000t\000a\000c\000i\000j\000a}{section.7.16}% 212
\BOOKMARK [3][-]{subsubsection.7.16.2.1}{\376\377\0007\000.\0001\0006\000.\0002\000.\0001\000\040\000M\000A\000X\000\137\000I\000N\000T}{subsection.7.16.2}% 213
\BOOKMARK [1][-]{section.7.17}{\376\377\0007\000.\0001\0007\000\040\000k\000o\000n\000s\000t\000a\000n\000t\000o\000s\000\137\000k\000t\000\137\000k\000l\000a\000s\000e\000s\000.\000h}{chapter.7}% 214
\BOOKMARK [1][-]{section.7.18}{\376\377\0007\000.\0001\0008\000\040\000s\000r\000c\000/\000k\000t\000\137\000k\000l\000a\000s\000i\000u\000\137\000m\000e\000t\000o\000d\000a\000i\000.\000c\000p\000p\000\040\000F\000a\000i\000l\000o\000\040\000N\000u\000o\000r\000o\000d\000a}{chapter.7}% 215
\BOOKMARK [1][-]{section.7.19}{\376\377\0007\000.\0001\0009\000\040\000s\000r\000c\000/\000p\000a\000g\000r\000.\000c\000p\000p\000\040\000F\000a\000i\000l\000o\000\040\000N\000u\000o\000r\000o\000d\000a}{chapter.7}% 216
\BOOKMARK [2][-]{subsection.7.19.1}{\376\377\0007\000.\0001\0009\000.\0001\000\040\000F\000u\000n\000k\000c\000i\000j\000o\000s\000\040\000D\000o\000k\000u\000m\000e\000n\000t\000a\000c\000i\000j\000a}{section.7.19}% 217
\BOOKMARK [3][-]{subsubsection.7.19.1.1}{\376\377\0007\000.\0001\0009\000.\0001\000.\0001\000\040\000m\000a\000i\000n\000\050\000\051}{subsection.7.19.1}% 218
\BOOKMARK [1][-]{section.7.20}{\376\377\0007\000.\0002\0000\000\040\000s\000r\000c\000/\000s\000t\000u\000d\000e\000n\000t\000a\000s\000.\000c\000p\000p\000\040\000F\000a\000i\000l\000o\000\040\000N\000u\000o\000r\000o\000d\000a}{chapter.7}% 219
\BOOKMARK [2][-]{subsection.7.20.1}{\376\377\0007\000.\0002\0000\000.\0001\000\040\000F\000u\000n\000k\000c\000i\000j\000o\000s\000\040\000D\000o\000k\000u\000m\000e\000n\000t\000a\000c\000i\000j\000a}{section.7.20}% 220
\BOOKMARK [3][-]{subsubsection.7.20.1.1}{\376\377\0007\000.\0002\0000\000.\0001\000.\0001\000\040\000o\000p\000e\000r\000a\000t\000o\000r\000<\000<\000\050\000\051}{subsection.7.20.1}% 221
\BOOKMARK [3][-]{subsubsection.7.20.1.2}{\376\377\0007\000.\0002\0000\000.\0001\000.\0002\000\040\000o\000p\000e\000r\000a\000t\000o\000r\000>\000>\000\050\000\051}{subsection.7.20.1}% 222
\BOOKMARK [1][-]{section.7.21}{\376\377\0007\000.\0002\0001\000\040\000s\000r\000c\000/\000s\000t\000u\000d\000e\000n\000t\000a\000s\000.\000h\000\040\000F\000a\000i\000l\000o\000\040\000N\000u\000o\000r\000o\000d\000a}{chapter.7}% 223
\BOOKMARK [1][-]{section.7.22}{\376\377\0007\000.\0002\0002\000\040\000s\000t\000u\000d\000e\000n\000t\000a\000s\000.\000h}{chapter.7}% 224
\BOOKMARK [1][-]{section.7.23}{\376\377\0007\000.\0002\0003\000\040\000s\000r\000c\000/\000v\000e\000c\000t\000o\000r\000.\000h\000\040\000F\000a\000i\000l\000o\000\040\000N\000u\000o\000r\000o\000d\000a}{chapter.7}% 225
\BOOKMARK [2][-]{subsection.7.23.1}{\376\377\0007\000.\0002\0003\000.\0001\000\040\000F\000u\000n\000k\000c\000i\000j\000o\000s\000\040\000D\000o\000k\000u\000m\000e\000n\000t\000a\000c\000i\000j\000a}{section.7.23}% 226
\BOOKMARK [3][-]{subsubsection.7.23.1.1}{\376\377\0007\000.\0002\0003\000.\0001\000.\0001\000\040\000e\000r\000a\000s\000e\000\050\000\051}{subsection.7.23.1}% 227
\BOOKMARK [3][-]{subsubsection.7.23.1.2}{\376\377\0007\000.\0002\0003\000.\0001\000.\0002\000\040\000e\000r\000a\000s\000e\000\137\000i\000f\000\050\000\051}{subsection.7.23.1}% 228
\BOOKMARK [3][-]{subsubsection.7.23.1.3}{\376\377\0007\000.\0002\0003\000.\0001\000.\0003\000\040\000o\000p\000e\000r\000a\000t\000o\000r\000!\000=\000\050\000\051}{subsection.7.23.1}% 229
\BOOKMARK [3][-]{subsubsection.7.23.1.4}{\376\377\0007\000.\0002\0003\000.\0001\000.\0004\000\040\000o\000p\000e\000r\000a\000t\000o\000r\000=\000=\000\050\000\051}{subsection.7.23.1}% 230
\BOOKMARK [3][-]{subsubsection.7.23.1.5}{\376\377\0007\000.\0002\0003\000.\0001\000.\0005\000\040\000s\000w\000a\000p\000\050\000\051}{subsection.7.23.1}% 231
\BOOKMARK [1][-]{section.7.24}{\376\377\0007\000.\0002\0004\000\040\000v\000e\000c\000t\000o\000r\000.\000h}{chapter.7}% 232
\BOOKMARK [1][-]{section.7.25}{\376\377\0007\000.\0002\0005\000\040\000s\000r\000c\000/\000z\000m\000o\000g\000u\000s\000.\000h\000\040\000F\000a\000i\000l\000o\000\040\000N\000u\000o\000r\000o\000d\000a}{chapter.7}% 233
\BOOKMARK [1][-]{section.7.26}{\376\377\0007\000.\0002\0006\000\040\000z\000m\000o\000g\000u\000s\000.\000h}{chapter.7}% 234
\BOOKMARK [0][-]{section*.35}{\376\377\000R\000o\000d\000y\000k\000l\001\027}{}% 235
